      {
        "tag": "markdown",
        "content": "🤖 **Cron:** {{ Build.Number }}\nCommitCode: {{ Commit.Sha }}"
      },
      {
        "tag": "markdown",
        "content": "{{#success Build.Status }}✅{{/success}}{{#failure Build.Status }}❌{{/failure}} Build [#{{ Build.Number }}]({{ Build.LinkCi }}) {{ Build.Status }}"
      },
      {
        "tag": "markdown",
        "content": "[See Git Link]({{ Commit.Link }}) | [See Build Details]({{ Build.LinkCi }})"
      },
      {
        "tag": "hr"
      },
