      {
        "tag": "markdown",
        "content": "🏗️ Pull Request: {{ Commit.SourceBranch }} -> {{ Commit.TargetBranch }}\n提交人: **{{ Commit.CommitAuthor.Username }}** 分支 **{{ Commit.CommitBranch }}** PR 链接: [PR Link]({{ Commit.Link }})"
      },
      {
        "tag": "markdown",
        "content": "{{#success Build.Status }}✅{{/success}}{{#failure Build.Status }}❌{{/failure}} 构建编号 [#{{ Build.Number }}]({{ Build.LinkCi }}) {{ Build.Status }}\n工作流名称: {{ CurrentWorkflow.Name }}"
      },
      {
        "tag": "markdown",
        "content": "**提交信息:**\n{{ Commit.Message }}"
      },
      {
        "tag": "markdown",
        "content": "[查看 Git 链接]({{ Commit.Link }}) | [查看构建详情]({{ Build.LinkCi }})"
      },
      {
        "tag": "hr"
      },
