{
  "timestamp": 0,
  "sign": "",
  "msg_type": "interactive",
  "card": {
    "config": {
      "enable_forward": true
    },
    "header": {
      "template": "indigo",
      "title": {
        "tag": "plain_text",
        "content": "woodpecker-kit/guidance-woodpecker-agent Tag: v1.2.3 âžœ build"
      }
    },
    "elements": [
      {
        "tag": "markdown",
        "content": "**CI Notification**"
      },
      {
        "tag": "hr"
      },
      {
        "tag": "markdown",
        "content": "ðŸ“¦ **Tag:** v1.2.3\nCommitCode: 9c764dd487bce596c5c0402478fabde5f0344983"
      },
      {
        "tag": "markdown",
        "content": "âœ… Build [#10](https://woodpecker.domain.com/repos/2/pipeline/10) success\nWorkflow Name: build"
      },
      {
        "tag": "markdown",
        "content": "**Commit:**\ntag: v1.2.3, new tag"
      },
      {
        "tag": "markdown",
        "content": "[See Git Link](https://gitea.domain.com/sinlov/woodpecker-tools/commit/9c764dd487bce596c5c0402478fabde5f0344983) | [See Build Details](https://woodpecker.domain.com/repos/2/pipeline/10)"
      },
      {
        "tag": "hr"
      },
      {
        "tag": "markdown",
        "content": "**Build Created At:** 2024-01-19-09-55-41\n**Build Time:** 25s\nMachine: worker\nPlatform: linux/amd64\nEvent: tag"
      },
      {
        "tag": "hr"
      },
      {
        "tag": "note",
        "elements": [
          {
            "tag": "plain_text",
            "content": "From 2.3.0@woodpecker.domain.com. Powered By"
          },
          {
            "tag": "img",
            "img_key": "img_v2_18a207ce-2428-4b5c-8fc0-f791c05d938g",
            "alt": {
              "tag": "plain_text",
              "content": "sinlov"
            }
          }
        ]
      }
    ]
  }
}