{
  "timestamp": 0,
  "sign": "",
  "msg_type": "interactive",
  "card": {
    "config": {
      "enable_forward": true
    },
    "header": {
      "template": "green",
      "title": {
        "tag": "plain_text",
        "content": "woodpecker-kit/guidance-woodpecker-agent"
      }
    },
    "elements": [
      {
        "tag": "markdown",
        "content": "**CI Notification**"
      },
      {
        "tag": "hr"
      },
      {
        "tag": "markdown",
        "content": ":üìù file browser from Commit by **sinlov** on **main**\nCommitCode: 9c764dd487bce596c5c0402478fabde5f0344983"
      },
      {
        "tag": "markdown",
        "content": "file browser [https://filebrowser.foo.com](https://filebrowser.foo.com)\nDownload: [https://docs.aws.amazon.com/p/dist/demo/page-xyz.html](https://docs.aws.amazon.com/p/dist/demo/page-xyz.html)"
      },
      {
        "tag": "markdown",
        "content": "**Build Created At:** 2024-01-19-09-55-41\n**Build Time:** 25s\nMachine: worker\nPlatform: linux/amd64\nEvent: push"
      },
      {
        "tag": "hr"
      },
      {
        "tag": "note",
        "elements": [
          {
            "tag": "plain_text",
            "content": "From 2.3.0@woodpecker.domain.com. Powered By"
          },
          {
            "tag": "img",
            "img_key": "img_v2_18a207ce-2428-4b5c-8fc0-f791c05d938g",
            "alt": {
              "tag": "plain_text",
              "content": "sinlov"
            }
          }
        ]
      }
    ]
  }
}